<button class="made-btn made-btn-primary made-btn-sm" type="button" aria-label="Button button">Small</button>