<button class="made-btn made-btn-primary" type="button" aria-label="Button button">Button</button>