<button class="made-btn made-btn-secondary made-btn-lg" type="button" aria-label="Button button">Large Secondary</button>