<button class="made-btn made-btn-primary" type="button" disabled aria-label="Button button">Disabled</button>