{
  "components": [
    {
      "name": "Button",
      "description": "Interactive button component",
      "tags": [
        "interactive"
      ],
      "variants": {
        "variant": [
          "primary",
          "secondary"
        ],
        "size": [
          "sm",
          "md",
          "lg"
        ]
      },
      "props": {},
      "a11yNotes": []
    }
  ]
}
